cargo :     Finished `test` profile [unoptimized + debuginfo] target(s) in 
0.05s
At line:1 char:1
+ cargo test -p garden-sim --test task1_tests -- --nocapture 2>&1 | tee ...
+ ~~~~~~~~~~~~~~~~~~~~~~~~~~~~~~~~~~~~~~~~~~~~~~~~~~~~~~~~~~~~~~~
    + CategoryInfo          : NotSpecified: (    Finished `t...get(s) in 0.05s 
   :String) [], RemoteException
    + FullyQualifiedErrorId : NativeCommandError
 
     Running tests\task1_tests.rs 
(target\debug\deps\task1_tests-7e0bc7447038d8c0.exe)

thread 'test_beds_not_overheated_at_normal_sun' (19440) panicked at 
sim\tests\task1_tests.rs:121:5:
beds show ["Overheated", "Overheated", "Overheated", "Overheated"] at normal 
sun ΓÇö none should be Overheated

running 8 tests
note: run with `RUST_BACKTRACE=1` environment variable to display a backtrace

thread 'test_day_night_schedule_is_consistent' (20556) panicked at 
sim\tests\task1_tests.rs:64:9:
cycle 1 schedule is inconsistent: 8 + 5 = 13

thread 'test_greenhouse_temperature_is_reasonable' (14480) panicked at 
sim\tests\task1_tests.rs:95:5:
sun_size=0.55 produced temperature 295.15 ΓÇö expected ~22┬░C

thread 'test_maximum_sun_does_not_overheat' (23696) panicked at 
sim\tests\task1_tests.rs:107:5:
sun_size=1.0 produced temperature 313.15 ΓÇö expected a physically plausible 
value

thread 'test_watering_increases_moisture' (21820) panicked at 
sim\tests\task1_tests.rs:13:5:
moisture: 0.200 ΓåÆ 0.000 with watering active ΓÇö expected increase

thread 'test_watering_can_recover_dry_bed' (9404) panicked at 
sim\tests\task1_tests.rs:46:5:
moisture after 60 s of watering: 0.000 ΓÇö expected >= 0.25

thread 'test_plant_reaches_full_growth' (23628) panicked at 
sim\tests\task1_tests.rs:80:5:
assertion `left == right` failed: only 0/5 growth cycles completed
  left: 0
 right: 5
error: test failed, to rerun pass `-p garden-sim --test task1_tests`
test test_beds_not_overheated_at_normal_sun ... FAILED
test test_day_night_schedule_is_consistent ... FAILED
test test_evaporation_dries_soil_without_watering ... ok
test test_greenhouse_temperature_is_reasonable ... FAILED
test test_maximum_sun_does_not_overheat ... FAILED
test test_watering_increases_moisture ... FAILED
test test_watering_can_recover_dry_bed ... FAILED
test test_plant_reaches_full_growth ... FAILED

failures:

failures:
    test_beds_not_overheated_at_normal_sun
    test_day_night_schedule_is_consistent
    test_greenhouse_temperature_is_reasonable
    test_maximum_sun_does_not_overheat
    test_plant_reaches_full_growth
    test_watering_can_recover_dry_bed
    test_watering_increases_moisture

test result: FAILED. 1 passed; 7 failed; 0 ignored; 0 measured; 0 filtered out; finished in 0.00s

